[GB] ROM loaded: size=32768, MBC=0x01, RAM size=0
[GB] ROM[0x1000..0x1010]: 00 00 00 00 00 00 00 00...
[GB] [INT] Check #1: IME=0 IF=0xE1 IE=0x00 pending=0x00
[GB] READ 0x4A07! Bank=1, Offset=0x4A07, Value=0x00
[FRAME] Frame 1 converted to RGB - has_content=0
[FRAME] First scanline samples: 0 0 0 0 0 0 0 0 0 0 0 0 0 0 0 0 0 0 0 0 
[FRAME] Frame 1 ready, total_cycles=65664
[FRAME] VRAM has tile data: NO
[FRAME] Platform frame 1 - has_content=0, first_pixel=0xFFE0F8D0
[GB] [INT] Check #10001: IME=0 IF=0xE1 IE=0x00 pending=0x00
[GB] [INT] Check #20001: IME=0 IF=0x00 IE=0x00 pending=0x00
[REGS] PPU write #1: addr=0xFF40 value=0x11 (A=0x11)
[REGS] LCDC: 0x91 -> 0x11 (LCD=OFF, BG=ON, OBJ=OFF)
[REGS] LCD turned OFF - reset LY to 0
[GB] [INT] Check #30001: IME=0 IF=0x00 IE=0x00 pending=0x00
[GB] [INT] Check #40001: IME=0 IF=0x00 IE=0x00 pending=0x00
[REGS] PPU write #2: addr=0xFF40 value=0x91 (A=0x91)
[REGS] LCDC: 0x11 -> 0x91 (LCD=ON, BG=ON, OBJ=OFF)
[REGS] PPU write #3: addr=0xFF43 value=0x00 (A=0x00)
[REGS] PPU write #4: addr=0xFF47 value=0xE4 (A=0xE4)
[REGS] BGP palette: 0xFC -> 0xE4
[REGS] PPU write #5: addr=0xFF42 value=0x78 (A=0x78)
01-sp[GB] [INT] Check #50001: IME=0 IF=0x00 IE=0x00 pending=0x00
ecial
[GB] [INT] Check #60001: IME=0 IF=0x00 IE=0x00 pending=0x00
[FRAME] Frame 2 converted to RGB - has_content=0
[FRAME] First scanline samples: 0 0 0 0 0 0 0 0 0 0 0 0 0 0 0 0 0 0 0 0 
[FRAME] Frame 2 ready, total_cycles=277552
[FRAME] VRAM has tile data: YES
[FRAME] Platform frame 2 - has_content=0, first_pixel=0xFFE0F8D0
[REGS] PPU write #6: addr=0xFF42 value=0x80 (A=0x80)

